INTLITERAL:32432	[1,1]
INTLITERAL:57493	[1,7]
INTLITERAL:83	[1,13]
INTLITERAL:5840935	[1,16]
ID:bdhsf	[2,1]
ID:nfdjksf	[2,7]
ID:lfnhsdf	[2,15]
ID:_mwoe_	[2,23]
ID:___	[2,30]
ID:___	[2,34]
STRINGLITERAL:"hello this is a test"	[3,1]
EOF [3,23]